([$["hostname":["feynman.suse.de", "feynman"], "ip4":168427568], $["hostname":["localhost", "localhost.suse.de"], "ip4":2130706433]])
