($["alias":"eth0 de4x5", "bootmode":"Net", "display":"Color", "floppy_disk":"1", "framebuffer":"0x0301", "gateway":"10.10.0.8", "initrd_modules":"\"de4x5\"", "ip":"10.10.0.50", "mouse_device":"/dev/psaux", "mouse_type":"ps/2", "nameserver":"10.10.0.1", "netdevice":"eth0", "netmask":"255.255.0.0", "server":"10.10.0.136", "serverdir":"/dist/6.3-i386", "smp":"0", "sourcemounted":"0", "textmode":"0", "yast2_update":"0"])
