($["1":$["end":"2063.034", "filesystem":"FAT", "start":"0.031", "type":"primary"]])
