($["buffers":13992, "cached":49940, "mem":$["buffers":14327808, "cached":51138560, "free":29634560, "shared":35786752, "total":131194880, "used":101560320], "memfree":28940, "memshared":34948, "memtotal":128120, "swap":$["free":128253952, "total":131600384, "used":3346432], "swapfree":125248, "swaptotal":128516])
