($["0":["577701", "XT-PIC", "timer"], "1":["35877", "XT-PIC", "keyboard"], "10":["80333", "XT-PIC", "aic7xxx", "eth0"], "12":["33819", "XT-PIC", "PS/2", "Mouse"], "13":["1", "XT-PIC", "fpu"], "2":["0", "XT-PIC", "cascade"], "nmi":0])
