($["block":$["fd":2, "ide0":3, "ide1":22, "loop":7, "lvm":58, "ramdisk":1], "char":$["alsa":116, "cua":5, "fb":29, "lp":6, "lvm":109, "mem":1, "misc":10, "ppp":108, "ptm":128, "pts":136, "pty":2, "raw":162, "sound":14, "ttyS":4, "ttyp":3, "usb":180, "vcs":7]])
