(true)
(false)
($[1:11, 2:12, "a":"aa", `b:`bb])
([1, 2, `b])
([1, "a", `b, 33])
([1, "a", `b, nil, nil, nil, nil, nil, 33])
([[1, 11, `b], $[1:[1, 11, `b], "a":[1, 11, `b], `b:[1, 11, `b]]])
($[1:[1, "a", `b], "a":[2, "b", `c], `b:[1, "a", `b]])
($[1:[1, "a", `b], "a":[1, "a", `b], "b":"This is b", `b:[1, "a", `b]])
