(1)
("aa")
(2)
("a")
(42)
("a")
([1, "a", `b])
([1, "a", `b])
(true)
