((1 + 2))
(name)
({
  return (3 + 4);
}
)
(7)
(true)
(true)
(true)
("test cases for define finished")
(true)
(true)
(true)
(true)
(true)
(true)
([[[1, 2], [[3, 4], [5, 6]]], [7]])
("test case contains finished")
(true)
("test case haskey finished")
(true)
(true)
(true)
(true)
("test case add for maps finished")
(["Austria", "Belgium", "China", `D_Nation, "England", "France", "Greece"])
(true)
(true)
("test case add for list finished")
(true)
("test case prepend for list finished")
(`Termified (`Austria, `Belgium))
(true)
(true)
("test case add for term finished")
(true)
(true)
(true)
(true)
(true)
("test case union finished")
(true)
("test case merge finished")
(true)
(true)
(true)
(true)
(true)
(true)
(true)
(true)
(true)
(true)
