(true)
(true)
(true)
(true)
(true)
(true)
(true)
(true)
(true)
(true)
(true)
(true)
(true)
(true)
(true)
(true)
(true)
(true)
(`mary ())
(true)
(true)
