("NON-TERMINAL expression")
(true)
(false)
(-5)
(5)
(-1.20000000000000)
(30000000000.0000)
(5.00000000000000)
("Hello world")
(.)
(.current.path)
([1, [2, nil]])
($[2:[nil, 9], "Hallo":`Greetings])
