(5.50000000000000)
(2.90000000000000)
(5.46000000000000)
(3.23076923076923)
(0.300000000000000)
(0.300000000000000)
(4.20000000000000)
(4.20000000000000)
(-0.250000000000000)
(0.250000000000000)
