(300.000000000000)
(300.000000000000)
(0.0900000000000000)
(300.000000000000)
(0.0256000000000000)
(3.00000000000000)
(2.56000000000000)
(0.00000000000000)
(0.00000000000000)
(0.00000000000000)
