(`named_symbol)
(`_17)
(`_named_symbol)
(nil)
(false)
(6)
(-5.00000000000000)
("composed string")
(0)
(0)
