(4)
(0)
(0)
("I am a string")
(0)
(27)
(0.00000000000000)
