("\001\001")
("\002\002")
("\003\003")
("\004\004")
("\005\005")
("\006\006")
("\007\007")
("\b\b")
("\b\b")
("\t\t")
("\t\t")
("line-break")
("\013\013")
("\f\f")
("\f\f")
("\r\r")
("\r\r")
("\016\016")
("\017\017")
("\020\020")
("\021\021")
("\022\022")
("\023\023")
("\024\024")
("\025\025")
("\026\026")
("\027\027")
("\030\030")
("\031\031")
("\032\032")
("\033\033")
("\034\034")
("\035\035")
("\036\036")
("\037\037")
("  ")
("!!")
("\"\"")
("##")
("$$")
("%%")
("&&")
("''")
("((")
("))")
("**")
("++")
(",,")
("--")
("..")
("//")
("00")
("11")
("22")
("33")
("44")
("55")
("66")
("77")
("88")
("99")
("::")
(";;")
("<<")
("==")
(">>")
("??")
("@@")
("AA")
("BB")
("CC")
("DD")
("EE")
("FF")
("GG")
("HH")
("II")
("JJ")
("KK")
("LL")
("MM")
("NN")
("OO")
("PP")
("QQ")
("RR")
("SS")
("TT")
("UU")
("VV")
("WW")
("XX")
("YY")
("ZZ")
("[[")
("\\")
("]]")
("^^")
("__")
("``")
("aa")
("bb")
("cc")
("dd")
("ee")
("ff")
("gg")
("hh")
("ii")
("jj")
("kk")
("ll")
("mm")
("nn")
("oo")
("pp")
("qq")
("rr")
("ss")
("tt")
("uu")
("vv")
("ww")
("xx")
("yy")
("zz")
("{{")
("||")
("}}")
("~~")
("")
("\200\200")
("\201\201")
("\202\202")
("\203\203")
("\204\204")
("\205\205")
("\206\206")
("\207\207")
("\210\210")
("\211\211")
("\212\212")
("\213\213")
("\214\214")
("\215\215")
("\216\216")
("\217\217")
("\220\220")
("\221\221")
("\222\222")
("\223\223")
("\224\224")
("\225\225")
("\226\226")
("\227\227")
("\230\230")
("\231\231")
("\232\232")
("\233\233")
("\234\234")
("\235\235")
("\236\236")
("\237\237")
("  ")
("¡¡")
("¢¢")
("££")
("¤¤")
("¥¥")
("¦¦")
("§§")
("¨¨")
("©©")
("ªª")
("««")
("¬¬")
("­­")
("®®")
("¯¯")
("°°")
("±±")
("²²")
("³³")
("´´")
("µµ")
("¶¶")
("··")
("¸¸")
("¹¹")
("ºº")
("»»")
("¼¼")
("½½")
("¾¾")
("¿¿")
("ÀÀ")
("ÁÁ")
("ÂÂ")
("ÃÃ")
("ÄÄ")
("ÅÅ")
("ÆÆ")
("ÇÇ")
("ÈÈ")
("ÉÉ")
("ÊÊ")
("ËË")
("ÌÌ")
("ÍÍ")
("ÎÎ")
("ÏÏ")
("ÐÐ")
("ÑÑ")
("ÒÒ")
("ÓÓ")
("ÔÔ")
("ÕÕ")
("ÖÖ")
("××")
("ØØ")
("ÙÙ")
("ÚÚ")
("ÛÛ")
("ÜÜ")
("ÝÝ")
("ÞÞ")
("ßß")
("àà")
("áá")
("ââ")
("ãã")
("ää")
("åå")
("ææ")
("çç")
("èè")
("éé")
("êê")
("ëë")
("ìì")
("íí")
("îî")
("ïï")
("ðð")
("ññ")
("òò")
("óó")
("ôô")
("õõ")
("öö")
("÷÷")
("øø")
("ùù")
("úú")
("ûû")
("üü")
("ýý")
("þþ")
("ÿÿ")
