({
  integer `a = 13;
  return WFM::``{
  return a;
}
;
}
)
({
  return SCR::`Read (.probe.architecture);
}
)
([false, true])
