({
  global define DisplayNoSuccessWarning2() ``{
  string `message = _("\nThe test of the currently selected video settings\nhas not been passed successfully.\n\nYou may now try other video settings or you may\nskip the X11 configuration altogether if the test\nfails again and again with different settings.\n");
  OpenDialog (`opt (`decorated), `HBox (`HSpacing (1), `VBox (`VSpacing (0.200000000000000), `Label (message), `CheckBox (`id (`box), _("Don't tell me again."), false), `VSpacing (0.200000000000000), `PushButton (`opt (`default), _("&OK")), `VSpacing (0.200000000000000)), `HSpacing (1)));
  UserInput ();
  boolean `dont_tell_me = QueryWidget (`id (`box), `Value);
  CloseDialog ();
  return ! (dont_tell_me);
}
;
}
)
({
  string `message = _("\nThe test of the currently selected video settings\nhas not been passed successfully.\n\nYou may now try other video settings or you may\nskip the X11 configuration altogether if the test\nfails again and again with different settings.\n");
  OpenDialog (`opt (`decorated), `HBox (`HSpacing (1), `VBox (`VSpacing (0.200000000000000), `Label (message), `CheckBox (`id (`box), _("Don't tell me again."), false), `VSpacing (0.200000000000000), `PushButton (`opt (`default), _("&OK")), `VSpacing (0.200000000000000)), `HSpacing (1)));
  UserInput ();
  boolean `dont_tell_me = UI::`QueryWidget (`id (`box), `Value);
  CloseDialog ();
  return ! (dont_tell_me);
}
)
(DisplayNoSuccessWarning2 ())
({
  OpenDialog (`opt (`decorated), `HBox (`HSpacing (1), `VBox (`VSpacing (0.200000000000000), `Label (message), `CheckBox (`id (`box), _("Don't tell me again."), false), `VSpacing (0.200000000000000), `PushButton (`opt (`default), _("&OK")), `VSpacing (0.200000000000000)), `HSpacing (1)));
  UserInput ();
  boolean `dont_tell_me = UI::`QueryWidget (`id (`box), `Value);
  CloseDialog ();
  return ! (dont_tell_me);
}
)
(nil)
