(["SEC1", "SEC2"])
[SEC1]
VAL1=2
VAL2=3
[SEC2]
VAL1=30
VAL2=40
