([])
Val1="v 1 "
Val2="v 2 "
Val3=" aaaa aaabbb bbb"
Val4=" aaaa aaa bbb bbb"
