([])
Val1=string
Val2=string1string2
Val3='shell_quoted_value'\''s "speciality"'
Val5='string with space'
Val6='string with escaped spaces'
Val7='funny quotes'
Val4=''\''written'\'' "value"'
