(["s1", "s2"])
Section s1
Val1=v1
End s1
Section s2
Val1=v3
End s2
