(nil)
+Section1
  Val1=value11
  Val2=value12
+Sub1
  Vals2=vals2
-Sub1
  Val3=value13
-Section1
