(["Sec1", "Sec2"])
[Sec1]
Val1=2
Val2=3
[Sec2]
Val1=30
Val2=40
