(["sec1", "sec2"])
;
; ignore case in regular expressions example
;
Section=sec1
Value=val1=value1
Value=val2=value2

Section=sec2
Value=val1=value21
Value=val2=value22

;
; comment before 2nd instance of sec1
;
