([$["fullname":"root", "gid":0, "home":"/root", "password":"x", "shell":"/bin/bash", "uid":0, "username":"root"], $["fullname":"bin", "gid":1, "home":"/bin", "password":"x", "shell":"/bin/bash", "uid":1, "username":"bin"], $["fullname":"daemon", "gid":2, "home":"/sbin", "password":"x", "shell":"/bin/bash", "uid":2, "username":"daemon"], $["fullname":"lp daemon", "gid":7, "home":"/var/spool/lpd", "password":"x", "shell":"/bin/bash", "uid":4, "username":"lp"], $["fullname":"", "gid":14, "home":"/var/lib/uucp/taylor_config", "password":"x", "shell":"/bin/bash", "uid":10, "username":"uucp"], $["fullname":"", "gid":100, "home":"/tmp", "password":"x", "shell":"/bin/bash", "uid":12, "username":"games"], $["fullname":"", "gid":2, "home":"/var/catman", "password":"x", "shell":"/bin/bash", "uid":13, "username":"man"], $["fullname":"", "gid":25, "home":"/var/spool/atjobs", "password":"x", "shell":"/bin/bash", "uid":25, "username":"at"], $["fullname":"Postgres Database Admin", "gid":2, "home":"/var/lib/pgsql", "password":"x", "shell":"/bin/bash", "uid":26, "username":"postgres"], $["fullname":"LNX Database Admin", "gid":27, "home":"/usr/lib/lnx", "password":"x", "shell":"/bin/bash", "uid":27, "username":"lnx"], $["fullname":"Mailing list agent", "gid":28, "home":"/usr/lib/majordomo", "password":"x", "shell":"/bin/bash", "uid":28, "username":"mdom"], $["fullname":"YARD Database Admin", "gid":29, "home":"/usr/lib/YARD", "password":"x", "shell":"/bin/bash", "uid":29, "username":"yard"], $["fullname":"Daemon user for apache", "gid":65534, "home":"/tmp", "password":"x", "shell":"/bin/bash", "uid":30, "username":"wwwrun"], $["fullname":"WWW proxy squid", "gid":65534, "home":"/var/squid", "password":"x", "shell":"/bin/bash", "uid":31, "username":"squid"], $["fullname":"Facsimile Agent", "gid":14, "home":"/var/spool/fax", "password":"x", "shell":"/bin/bash", "uid":33, "username":"fax"], $["fullname":"Gnats Gnu Backtracking System", "gid":65534, "home":"/usr/lib/gnats", "password":"x", "shell":"/bin/bash", "uid":34, "username":"gnats"], $["fullname":"Empress Database Admin", "gid":100, "home":"/usr/empress", "password":"x", "shell":"/bin/bash", "uid":35, "username":"empress"], $["fullname":"Adabas-D Database Admin", "gid":100, "home":"/usr/lib/adabas", "password":"x", "shell":"/bin/bash", "uid":36, "username":"adabas"], $["fullname":"Amanda Admin", "gid":6, "home":"/var/lib/amanda", "password":"x", "shell":"/bin/bash", "uid":37, "username":"amanda"], $["fullname":"IXware Admin", "gid":29, "home":"/usr/lib/ixware", "password":"x", "shell":"/bin/bash", "uid":38, "username":"ixess"], $["fullname":"IRC Daemon", "gid":65534, "home":"/usr/lib/ircd", "password":"x", "shell":"/bin/bash", "uid":39, "username":"irc"], $["fullname":"ftp account", "gid":2, "home":"/usr/local/ftp", "password":"x", "shell":"/bin/bash", "uid":40, "username":"ftp"], $["fullname":"firewall account", "gid":31, "home":"/tmp", "password":"x", "shell":"/bin/false", "uid":41, "username":"firewall"], $["fullname":"Informix Database Admin", "gid":34, "home":"/usr/lib/informix", "password":"x", "shell":"/bin/bash", "uid":43, "username":"informix"], $["fullname":"Nameserver Daemon", "gid":44, "home":"/var/named", "password":"x", "shell":"/bin/bash", "uid":44, "username":"named"], $["fullname":"Virtuoso Admin", "gid":100, "home":"/opt/virtuoso-lite", "password":"x", "shell":"/bin/bash", "uid":45, "username":"virtuoso"], $["fullname":"DB2 Instance UDF user", "gid":46, "home":"/usr/lib/db2/db2fenc1", "password":"x", "shell":"/bin/bash", "uid":46, "username":"db2fenc1"], $["fullname":"DB2 Instance main user", "gid":47, "home":"/usr/lib/db2/db2inst1", "password":"x", "shell":"/bin/bash", "uid":47, "username":"db2inst1"], $["fullname":"DB2 Administration", "gid":48, "home":"/usr/lib/db2/db2as", "password":"x", "shell":"/bin/bash", "uid":48, "username":"db2as"], $["fullname":"FidoNet", "gid":14, "home":"/var/spool/fnet", "password":"x", "shell":"/bin/bash", "uid":49, "username":"fnet"], $["fullname":"nobody", "gid":65534, "home":"/tmp", "password":"x", "shell":"/bin/bash", "uid":65534, "username":"nobody"], $["fullname":"Gnome Display Manager", "gid":15, "home":"/var/lib/gdm", "password":"x", "shell":"/bin/bash", "uid":8052, "username":"gdm"], $["fullname":"", "gid":100, "home":"/home/justme", "password":"x", "shell":"/bin/bash", "uid":8053, "username":"justme"], $["fullname":"Postfix", "gid":51, "home":"/var/spool/postfix", "password":"x", "shell":"/bin/false", "uid":51, "username":"postfix"], $["fullname":"User for Imapd", "gid":12, "home":"/usr/cyrus", "password":"x", "shell":"/bin/bash", "uid":52, "username":"cyrus"], $["fullname":"just for test", "gid":100, "home":"/home/cvsuser", "password":"x", "shell":"/bin/bash", "uid":507, "username":"cvsuser"], $["fullname":"News system", "gid":13, "home":"/etc/news", "password":"x", "shell":"/bin/bash", "uid":9, "username":"news"], $["fullname":"NPS admin", "gid":100, "home":"/opt/nps", "password":"x", "shell":"/bin/bash", "uid":53, "username":"nps"], $["fullname":"SKYRIX admin", "gid":100, "home":"/opt/skyrix/home", "password":"x", "shell":"/bin/bash", "uid":54, "username":"skyrix"], $["fullname":"Dbmaker Database Admin", "gid":52, "home":"/usr/lib/dbmaker", "password":"x", "shell":"/bin/bash", "uid":55, "username":"dbmaker"], $["fullname":"Arvin Schnell", "gid":50, "home":"/home/arvin", "password":"x", "shell":"/bin/tcsh", "uid":10176, "username":"arvin"], $["fullname":"", "gid":"", "home":"", "password":"", "shell":"", "uid":"", "username":"+"]])
