($["aic7xxx":[53248, 53438], "dma page reg":[128, 143], "dma1":[0, 31], "dma2":[192, 223], "eth0":[47104, 47231], "fpu":[240, 255], "keyboard":[96, 111], "pic1":[32, 63], "pic2":[160, 191], "timer":[64, 95], "vga+":[960, 991]])
