($["autofs":"nodev", "devpts":"nodev", "ext2":"\t", "iso9660":"\t", "nfs":"nodev", "proc":"nodev"])
